  1-ALA-A ->   1-ALA-A
  2-VAL-A ->   2-VAL-A
  3-SER-A ->   3-SER-A
  4-LEU-A ->   4-LEU-A
  5-ASP-A ->   5-ASP-A
  6-ARG-A ->   6-ARG-A
  7-THR-A ->   7-THR-A
  8-ARG-A ->   8-ARG-A
  9-ALA-A ->   9-ALA-A
 10-VAL-A ->  10-VAL-A
 11-PHE-A ->  11-PHE-A
 12-ASP-A ->  12-ASP-A
 13-GLY-A ->  13-GLY-A
 14-SER-A ->  14-SER-A
 15-GLU-A ->  15-GLU-A
 16-LYS-A ->  16-LYS-A
 17-SER-A ->  17-SER-A
 18-MET-A ->  18-MET-A
 19-THR-A ->  19-THR-A
 20-LEU-A ->  20-LEU-A
 21-ASP-A ->  21-ASP-A
 22-ILE-A ->  22-ILE-A
 23-SER-A ->  23-SER-A
 24-ASN-A ->  24-ASN-A
 25-ASP-A ->  25-ASP-A
 26-ASN-A ->  26-ASN-A
 27-LYS-A ->  27-LYS-A
 28-GLN-A ->  28-GLN-A
 29-LEU-A ->  29-LEU-A
 30-PRO-A ->  30-PRO-A
 31-TYR-A ->  31-TYR-A
 32-LEU-A ->  32-LEU-A
 33-ALA-A ->  33-ALA-A
 34-GLN-A ->  34-GLN-A
 35-ALA-A ->  35-ALA-A
 36-TRP-A ->  36-TRP-A
 37-ILE-A ->  37-ILE-A
 38-GLU-A ->  38-GLU-A
 39-ASN-A ->  39-ASN-A
 40-GLU-A ->  40-GLU-A
 41-ASN-A ->  41-ASN-A
 42-GLN-A ->  42-GLN-A
 43-GLU-A ->  43-GLU-A
 44-LYS-A ->  44-LYS-A
 45-ILE-A ->  45-ILE-A
 46-ILE-A ->  46-ILE-A
 47-THR-A ->  47-THR-A
 48-GLY-A ->  48-GLY-A
 49-PRO-A ->  49-PRO-A
 50-VAL-A ->  50-VAL-A
 51-ILE-A ->  51-ILE-A
 52-ALA-A ->  52-ALA-A
 53-THR-A ->  53-THR-A
 54-PRO-A ->  54-PRO-A
 55-PRO-A ->  55-PRO-A
 56-VAL-A ->  56-VAL-A
 57-GLN-A ->  57-GLN-A
 58-ARG-A ->  58-ARG-A
 59-LEU-A ->  59-LEU-A
 60-GLU-A ->  60-GLU-A
 61-PRO-A ->  61-PRO-A
 62-GLY-A ->  62-GLY-A
 63-ALA-A ->  63-ALA-A
 64-LYS-A ->  64-LYS-A
 65-SER-A ->  65-SER-A
 66-MET-A ->  66-MET-A
 67-VAL-A ->  67-VAL-A
 68-ARG-A ->  68-ARG-A
 69-LEU-A ->  69-LEU-A
 70-SER-A ->  70-SER-A
 71-THR-A ->  71-THR-A
 72-THR-A ->  72-THR-A
 73-PRO-A ->  73-PRO-A
 74-ASP-A ->  74-ASP-A
 75-ILE-A ->  75-ILE-A
 76-SER-A ->  76-SER-A
 77-LYS-A ->  77-LYS-A
 78-LEU-A ->  78-LEU-A
 79-PRO-A ->  79-PRO-A
 80-GLN-A ->  80-GLN-A
 81-ASP-A ->  81-ASP-A
 82-ARG-A ->  82-ARG-A
 83-GLU-A ->  83-GLU-A
 84-SER-A ->  84-SER-A
 85-LEU-A ->  85-LEU-A
 86-PHE-A ->  86-PHE-A
 87-TYR-A ->  87-TYR-A
 88-PHE-A ->  88-PHE-A
 89-ASN-A ->  89-ASN-A
 90-LEU-A ->  90-LEU-A
 91-ARG-A ->  91-ARG-A
 92-GLU-A ->  92-GLU-A
 93-ILE-A ->  93-ILE-A
 94-PRO-A ->  94-PRO-A
 95-PRO-A ->  95-PRO-A
 96-ARG-A ->  96-ARG-A
 97-SER-A ->  97-SER-A
 98-GLU-A ->  98-GLU-A
 99-LYS-A ->  99-LYS-A
100-ALA-A -> 100-ALA-A
101-ASN-A -> 101-ASN-A
102-VAL-A -> 102-VAL-A
103-LEU-A -> 103-LEU-A
104-GLN-A -> 104-GLN-A
105-ILE-A -> 105-ILE-A
106-ALA-A -> 106-ALA-A
107-LEU-A -> 107-LEU-A
108-GLN-A -> 108-GLN-A
109-THR-A -> 109-THR-A
110-LYS-A -> 110-LYS-A
111-ILE-A -> 111-ILE-A
112-LYS-A -> 112-LYS-A
113-LEU-A -> 113-LEU-A
114-PHE-A -> 114-PHE-A
115-TYR-A -> 115-TYR-A
116-ARG-A -> 116-ARG-A
117-PRO-A -> 117-PRO-A
118-ALA-A -> 118-ALA-A
119-ALA-A -> 119-ALA-A
120-ILE-A -> 120-ILE-A
121-LYS-A -> 121-LYS-A
122-THR-A -> 122-THR-A
123-ARG-A -> 123-ARG-A
124-PRO-A -> 124-PRO-A
125-ASN-A -> 125-ASN-A
126-GLU-A -> 126-GLU-A
127-VAL-A -> 127-VAL-A
128-TRP-A -> 128-TRP-A
129-GLN-A -> 129-GLN-A
130-ASP-A -> 130-ASP-A
131-GLN-A -> 131-GLN-A
132-LEU-A -> 132-LEU-A
133-ILE-A -> 133-ILE-A
134-LEU-A -> 134-LEU-A
135-ASN-A -> 135-ASN-A
136-LYS-A -> 136-LYS-A
137-VAL-A -> 137-VAL-A
138-SER-A -> 138-SER-A
139-GLY-A -> 139-GLY-A
140-GLY-A -> 140-GLY-A
141-TYR-A -> 141-TYR-A
142-ARG-A -> 142-ARG-A
143-ILE-A -> 143-ILE-A
144-GLU-A -> 144-GLU-A
145-ASN-A -> 145-ASN-A
146-PRO-A -> 146-PRO-A
147-THR-A -> 147-THR-A
148-PRO-A -> 148-PRO-A
149-TYR-A -> 149-TYR-A
150-TYR-A -> 150-TYR-A
151-VAL-A -> 151-VAL-A
152-THR-A -> 152-THR-A
153-VAL-A -> 153-VAL-A
154-ILE-A -> 154-ILE-A
155-GLY-A -> 155-GLY-A
156-LEU-A -> 156-LEU-A
157-GLY-A -> 157-GLY-A
158-GLY-A -> 158-GLY-A
159-SER-A -> 159-SER-A
160-GLU-A -> 160-GLU-A
161-LYS-A -> 161-LYS-A
162-GLN-A -> 162-GLN-A
163-ALA-A -> 163-ALA-A
164-GLU-A -> 164-GLU-A
165-GLU-A -> 165-GLU-A
166-GLY-A -> 166-GLY-A
167-GLU-A -> 167-GLU-A
168-PHE-A -> 168-PHE-A
169-GLU-A -> 169-GLU-A
170-THR-A -> 170-THR-A
171-VAL-A -> 171-VAL-A
172-MET-A -> 172-MET-A
173-LEU-A -> 173-LEU-A
174-SER-A -> 174-SER-A
175-PRO-A -> 175-PRO-A
176-ARG-A -> 176-ARG-A
177-SER-A -> 177-SER-A
178-GLU-A -> 178-GLU-A
179-GLN-A -> 179-GLN-A
180-THR-A -> 180-THR-A
181-VAL-A -> 181-VAL-A
182-LYS-A -> 182-LYS-A
183-SER-A -> 183-SER-A
184-ALA-A -> 184-ALA-A
185-ASN-A -> 185-ASN-A
186-TYR-A -> 186-TYR-A
187-ASN-A -> 187-ASN-A
188-THR-A -> 188-THR-A
189-PRO-A -> 189-PRO-A
190-TYR-A -> 190-TYR-A
191-LEU-A -> 191-LEU-A
192-SER-A -> 192-SER-A
193-TYR-A -> 193-TYR-A
194-ILE-A -> 194-ILE-A
195-ASN-A -> 195-ASN-A
196-ASP-A -> 196-ASP-A
197-TYR-A -> 197-TYR-A
198-GLY-A -> 198-GLY-A
199-GLY-A -> 199-GLY-A
200-ARG-A -> 200-ARG-A
201-PRO-A -> 201-PRO-A
202-VAL-A -> 202-VAL-A
203-LEU-A -> 203-LEU-A
204-SER-A -> 204-SER-A
205-PHE-A -> 205-PHE-A
206-ILE-A -> 206-ILE-A
207-CYS-A -> 207-CYS-A
208-ASN-A -> 208-ASN-A
209-GLY-A -> 209-GLY-A
210-SER-A -> 210-SER-A
211-ARG-A -> 211-ARG-A
212-CYS-A -> 212-CYS-A
213-SER-A -> 213-SER-A
214-VAL-A -> 214-VAL-A
215-LYS-A -> 215-LYS-A
216-LYS-A -> 216-LYS-A
 20-ALA-B -> 217-ALA-B
 21-PRO-B -> 218-PRO-B
 22-CYS-B -> 219-CYS-B
 23-SER-B -> 220-SER-B
 24-ILE-B -> 221-ILE-B
 25-SER-B -> 222-SER-B
 26-GLN-B -> 223-GLN-B
 27-LYS-B -> 224-LYS-B
 28-SER-B -> 225-SER-B
 29-ALA-B -> 226-ALA-B
 30-ASP-B -> 227-ASP-B
 31-GLN-B -> 228-GLN-B
 32-SER-B -> 229-SER-B
 33-ILE-B -> 230-ILE-B
 34-ASP-B -> 231-ASP-B
 35-PHE-B -> 232-PHE-B
 36-GLY-B -> 233-GLY-B
 37-GLN-B -> 234-GLN-B
 38-LEU-B -> 235-LEU-B
 39-SER-B -> 236-SER-B
 40-LYS-B -> 237-LYS-B
 41-SER-B -> 238-SER-B
 42-PHE-B -> 239-PHE-B
 43-LEU-B -> 240-LEU-B
 44-GLU-B -> 241-GLU-B
 45-ALA-B -> 242-ALA-B
 46-GLY-B -> 243-GLY-B
 47-GLY-B -> 244-GLY-B
 48-VAL-B -> 245-VAL-B
 49-SER-B -> 246-SER-B
 50-LYS-B -> 247-LYS-B
 51-PRO-B -> 248-PRO-B
 52-MET-B -> 249-MET-B
 53-ASP-B -> 250-ASP-B
 54-LEU-B -> 251-LEU-B
 55-ASP-B -> 252-ASP-B
 56-ILE-B -> 253-ILE-B
 57-GLU-B -> 254-GLU-B
 58-LEU-B -> 255-LEU-B
 59-VAL-B -> 256-VAL-B
 60-ASN-B -> 257-ASN-B
 61-CYS-B -> 258-CYS-B
 62-ASP-B -> 259-ASP-B
 63-ILE-B -> 260-ILE-B
 64-THR-B -> 261-THR-B
 65-ALA-B -> 262-ALA-B
 66-PHE-B -> 263-PHE-B
 67-LYS-B -> 264-LYS-B
 68-GLY-B -> 265-GLY-B
 69-GLY-B -> 266-GLY-B
 70-ASN-B -> 267-ASN-B
 71-GLY-B -> 268-GLY-B
 72-ALA-B -> 269-ALA-B
 73-LYS-B -> 270-LYS-B
 74-LYS-B -> 271-LYS-B
 75-GLY-B -> 272-GLY-B
 76-THR-B -> 273-THR-B
 77-VAL-B -> 274-VAL-B
 78-LYS-B -> 275-LYS-B
 79-LEU-B -> 276-LEU-B
 80-ALA-B -> 277-ALA-B
 81-PHE-B -> 278-PHE-B
 82-THR-B -> 279-THR-B
 83-GLY-B -> 280-GLY-B
 84-PRO-B -> 281-PRO-B
 85-ILE-B -> 282-ILE-B
 86-VAL-B -> 283-VAL-B
 87-ASN-B -> 284-ASN-B
 88-GLY-B -> 285-GLY-B
 89-HIS-B -> 286-HIS-B
 90-SER-B -> 287-SER-B
 91-ASP-B -> 288-ASP-B
 92-GLU-B -> 289-GLU-B
 93-LEU-B -> 290-LEU-B
 94-ASP-B -> 291-ASP-B
 95-THR-B -> 292-THR-B
 96-ASN-B -> 293-ASN-B
 97-GLY-B -> 294-GLY-B
 98-GLY-B -> 295-GLY-B
 99-THR-B -> 296-THR-B
100-GLY-B -> 297-GLY-B
101-THR-B -> 298-THR-B
102-ALA-B -> 299-ALA-B
103-ILE-B -> 300-ILE-B
104-VAL-B -> 301-VAL-B
105-VAL-B -> 302-VAL-B
106-GLN-B -> 303-GLN-B
107-GLY-B -> 304-GLY-B
108-ALA-B -> 305-ALA-B
109-GLY-B -> 306-GLY-B
110-LYS-B -> 307-LYS-B
111-ASN-B -> 308-ASN-B
112-VAL-B -> 309-VAL-B
113-VAL-B -> 310-VAL-B
114-PHE-B -> 311-PHE-B
115-ASP-B -> 312-ASP-B
116-GLY-B -> 313-GLY-B
117-SER-B -> 314-SER-B
118-GLU-B -> 315-GLU-B
119-GLY-B -> 316-GLY-B
120-ASP-B -> 317-ASP-B
121-ALA-B -> 318-ALA-B
122-ASN-B -> 319-ASN-B
123-THR-B -> 320-THR-B
124-LEU-B -> 321-LEU-B
125-LYS-B -> 322-LYS-B
126-ASP-B -> 323-ASP-B
127-GLY-B -> 324-GLY-B
128-GLU-B -> 325-GLU-B
129-ASN-B -> 326-ASN-B
130-VAL-B -> 327-VAL-B
131-LEU-B -> 328-LEU-B
132-HIS-B -> 329-HIS-B
133-TYR-B -> 330-TYR-B
134-THR-B -> 331-THR-B
135-ALA-B -> 332-ALA-B
136-VAL-B -> 333-VAL-B
137-VAL-B -> 334-VAL-B
138-LYS-B -> 335-LYS-B
139-LYS-B -> 336-LYS-B
140-SER-B -> 337-SER-B
141-SER-B -> 338-SER-B
142-ALA-B -> 339-ALA-B
143-VAL-B -> 340-VAL-B
144-GLY-B -> 341-GLY-B
145-ALA-B -> 342-ALA-B
146-ALA-B -> 343-ALA-B
147-VAL-B -> 344-VAL-B
148-THR-B -> 345-THR-B
149-GLU-B -> 346-GLU-B
150-GLY-B -> 347-GLY-B
151-ALA-B -> 348-ALA-B
152-PHE-B -> 349-PHE-B
153-SER-B -> 350-SER-B
154-ALA-B -> 351-ALA-B
155-VAL-B -> 352-VAL-B
156-ALA-B -> 353-ALA-B
157-ASN-B -> 354-ASN-B
158-PHE-B -> 355-PHE-B
159-ASN-B -> 356-ASN-B
160-LEU-B -> 357-LEU-B
161-THR-B -> 358-THR-B
162-TYR-B -> 359-TYR-B
163-GLN-B -> 360-GLN-B
